
> rtoshield-control-room@0.1.0 build
> next build

   ▲ Next.js 15.5.15
   - Experiments (use with caution):
     · cpus: 1
     ⨯ webpackBuildWorker
     · staticGenerationMinPagesPerWorker: 1000

   Creating an optimized production build ...
 ✓ Compiled successfully in 16.8s
   Linting and checking validity of types ...
   Collecting page data ...
   Generating static pages (0/8) ...
   Generating static pages (2/8) 
   Generating static pages (4/8) 
   Generating static pages (6/8) 
 ✓ Generating static pages (8/8)
   Finalizing page optimization ...
   Collecting build traces ...

Route (app)                                 Size  First Load JS
┌ ○ /                                    19.5 kB         132 kB
├ ○ /_not-found                            993 B         103 kB
├ ○ /audit                               8.67 kB         121 kB
├ ○ /calculator                          5.71 kB         111 kB
├ ○ /pilot                               4.76 kB         110 kB
└ ○ /sample-report                         162 B         106 kB
+ First Load JS shared by all             102 kB
  ├ chunks/255-4f212684648fcab9.js         46 kB
  ├ chunks/4bd1b696-c023c6e3521b1417.js  54.2 kB
  └ other shared chunks (total)          1.99 kB


○  (Static)  prerendered as static content

